// Jest Snapshot v1, https://goo.gl/fbAQLP

exports[`PageWrapper renders correctly 1`] = `
<div
  className="page page--gray page--login"
>
  <div>
    Some page
  </div>
</div>
`;
