// Jest Snapshot v1, https://goo.gl/fbAQLP

exports[`CitiesList renders correctly 1`] = `
<div
  className="cities tabs"
>
  <section
    className="locations container"
  >
    <div
      className="locations__list tabs__list"
    >
      <div
        className="locations__item"
      >
        <a
          className="locations__item-link tabs__item tabs__item--active"
          href="#"
          onClick={[Function]}
          style={
            Object {
              "pointerEvents": "auto",
            }
          }
        >
          <span>
            Amsterdam
          </span>
        </a>
      </div>
    </div>
  </section>
</div>
`;
