// Jest Snapshot v1, https://goo.gl/fbAQLP

exports[`CityTab renders correctly 1`] = `
<div
  className="locations__item"
>
  <a
    className="locations__item-link tabs__item "
    href="#"
    onClick={[Function]}
  >
    <span>
      Amsterdam
    </span>
  </a>
</div>
`;
