// Jest Snapshot v1, https://goo.gl/fbAQLP

exports[`Favorites renders correctly 1`] = `
<Fragment>
  <main
    className="page__main page__main--favorites"
  >
    <div
      className="page__favorites-container container"
    >
      <section
        className="favorites"
      >
        <h1
          className="favorites__title"
        >
          Saved listing
        </h1>
        <FavoriteOffersGroup
          isAuthenticated={true}
          offersGroup={
            Object {
              "Amsterdam": Array [
                Object {
                  "bedrooms": 3,
                  "city": Object {
                    "location": Object {
                      "latitude": 52.370216,
                      "longitude": 4.895168,
                      "zoom": 10,
                    },
                    "name": "Amsterdam",
                  },
                  "description": "A quiet cozy and picturesque that hides behind a a river by the unique lightness of Amsterdam.",
                  "goods": Array [
                    "Heating",
                    "Kitchen",
                    "Cable TV",
                    "Washing machine",
                    "Coffee machine",
                    "Dishwasher",
                  ],
                  "host": Object {
                    "avatarUrl": "img/1.png",
                    "id": 3,
                    "isPro": true,
                    "name": "Angelina",
                  },
                  "id": 1,
                  "images": Array [
                    "img/1.png",
                    "img/2.png",
                  ],
                  "isFavorite": true,
                  "isPremium": false,
                  "location": Object {
                    "latitude": 52.35514938496378,
                    "longitude": 4.673877537499948,
                    "zoom": 8,
                  },
                  "maxAdults": 4,
                  "previewImage": "img/1.png",
                  "price": 120,
                  "rating": 4.8,
                  "title": "Beautiful & luxurious studio at great location",
                  "type": "apartment",
                },
              ],
            }
          }
          onFavoriteClick={[MockFunction]}
        />
      </section>
    </div>
  </main>
  <AppFooter />
</Fragment>
`;
