// Jest Snapshot v1, https://goo.gl/fbAQLP

exports[`OfferCard renders correctly 1`] = `
<article
  className="cities__place-card cities__card place-card"
>
  <div
    className="cities__image-wrapper place-card__image-wrapper"
  >
    <a
      onClick={[Function]}
    >
      <img
        alt="Beautiful & luxurious studio at great location"
        className="place-card__image"
        height={200}
        src="img/1.png"
        width={260}
      />
    </a>
  </div>
  <div
    className="cities__card-info place-card__info"
  >
    <div
      className="place-card__price-wrapper"
    >
      <div
        className="place-card__price"
      >
        <b
          className="place-card__price-value"
        >
          €
          120
        </b>
        <span
          className="place-card__price-text"
        >
          / night
        </span>
      </div>
      <FavoriteButton
        isActive={false}
        onClick={[Function]}
      />
    </div>
    <RatingStars
      rating={4.8}
    />
    <h2
      className="place-card__name"
    >
      <Link
        to="/offer/1"
      >
        Beautiful & luxurious studio at great location
      </Link>
    </h2>
    <p
      className="place-card__type"
    >
      apartment
    </p>
  </div>
</article>
`;
