// Jest Snapshot v1, https://goo.gl/fbAQLP

exports[`App renders correctly 1`] = `
<Fragment>
  <PageWrapper>
    <AppHeader
      isAuthenticated={true}
      user={
        Object {
          "avatarUrl": "/static/avatar/4.jpg",
          "email": "alicefill@y888.ru",
          "id": 1,
          "isPro": false,
          "name": "alicefill",
        }
      }
    />
    <Switch>
      <Route
        component={[Function]}
        exact={true}
        path="/"
      />
      <Route
        component={[Function]}
        path="/onLogin"
      />
      <Route
        component={
          Object {
            "$$typeof": Symbol(react.memo),
            "WrappedComponent": [Function],
            "compare": null,
            "displayName": "Connect(OfferDetails)",
            "type": [Function],
          }
        }
        path="/offer/:id"
      />
      <Route
        component={[Function]}
        path="/favorites"
      />
      <Route
        component={[Function]}
        path="/error"
      />
      <Route
        component={[Function]}
      />
    </Switch>
  </PageWrapper>
</Fragment>
`;
