// Jest Snapshot v1, https://goo.gl/fbAQLP

exports[`FavoriteOffersGroup renders correctly 1`] = `
<div
  className="favorites__list"
>
  <div
    className="favorites__locations-items"
  >
    <div
      className="favorites__locations locations locations--current"
    >
      <div
        className="locations__item"
      >
        <a
          className="locations__item-link tabs__item tabs__item--active"
          href="#"
          onClick={[Function]}
          style={
            Object {
              "pointerEvents": "none",
            }
          }
        >
          <span>
            Amsterdam
          </span>
        </a>
      </div>
    </div>
    <div
      className="favorites__places"
    >
      <article
        className="favorites__place-card favorites__card place-card"
      >
        <div
          className="favorites__image-wrapper place-card__image-wrapper"
        >
          <a
            onClick={[Function]}
            style={
              Object {
                "cursor": "default",
              }
            }
          >
            <img
              alt="Beautiful & luxurious studio at great location"
              className="place-card__image"
              height={110}
              src="img/1.png"
              width={150}
            />
          </a>
        </div>
        <div
          className="favorites__card-info place-card__info"
        >
          <div
            className="place-card__price-wrapper"
          >
            <div
              className="place-card__price"
            >
              <b
                className="place-card__price-value"
              >
                €
                120
              </b>
              <span
                className="place-card__price-text"
              >
                / night
              </span>
            </div>
            <button
              className="place-card__bookmark-button button place-card__bookmark-button--active"
              onClick={[Function]}
              type="button"
            >
              <svg
                className="place-card__bookmark-icon"
                height={19}
                width={18}
              >
                <use
                  xlinkHref="#icon-bookmark"
                />
              </svg>
              <span
                className="visually-hidden"
              >
                To bookmarks
              </span>
            </button>
          </div>
          <div
            className="place-card__rating rating"
          >
            <div
              className="place-card__stars rating__stars"
            >
              <span
                style={
                  Object {
                    "width": "100%",
                  }
                }
              />
              <span
                className="visually-hidden"
              >
                Rating
              </span>
            </div>
          </div>
          <h2
            className="place-card__name"
          >
            <a
              href="/offer/1"
              onClick={[Function]}
            >
              Beautiful & luxurious studio at great location
            </a>
          </h2>
          <p
            className="place-card__type"
          >
            apartment
          </p>
        </div>
      </article>
    </div>
  </div>
</div>
`;
